#-----------------------------------------------------------
# Vivado v2024.1 (64-bit)
# SW Build 5076996 on Wed May 22 18:37:14 MDT 2024
# IP Build 5075265 on Wed May 22 21:45:21 MDT 2024
# SharedData Build 5076995 on Wed May 22 18:29:18 MDT 2024
# Start of session at: Thu May  8 15:05:59 2025
# Process ID: 1580
# Current directory: C:/Users/DELL_KM/Desktop/DE1/DE1_CPP/Projekt/De1-project/car_parking_sensors
# Command line: vivado.exe -gui_launcher_event rodinguilauncherevent24480 C:\Users\DELL_KM\Desktop\DE1\DE1_CPP\Projekt\De1-project\car_parking_sensors\car_parking_sensors.xpr
# Log file: C:/Users/DELL_KM/Desktop/DE1/DE1_CPP/Projekt/De1-project/car_parking_sensors/vivado.log
# Journal file: C:/Users/DELL_KM/Desktop/DE1/DE1_CPP/Projekt/De1-project/car_parking_sensors\vivado.jou
# Running On        :DESKTOP-K2PR65N
# Platform          :Windows Server 2016 or Windows 10
# Operating System  :26100
# Processor Detail  :Intel(R) Core(TM) i7-10750H CPU @ 2.60GHz
# CPU Frequency     :2592 MHz
# CPU Physical cores:6
# CPU Logical cores :12
# Host memory       :16929 MB
# Swap memory       :10737 MB
# Total Virtual     :27667 MB
# Available Virtual :8509 MB
#-----------------------------------------------------------
start_gui
open_project C:/Users/DELL_KM/Desktop/DE1/DE1_CPP/Projekt/De1-project/car_parking_sensors/car_parking_sensors.xpr
update_compile_order -fileset sources_1
launch_simulation
launch_simulation
source cfg_tb_main.tcl
close_sim
launch_simulation
source cfg_tb_main.tcl
close_sim
launch_simulation
launch_simulation
source cfg_tb_main.tcl
close_sim
