#-----------------------------------------------------------
# Vivado v2024.2 (64-bit)
# SW Build 5239630 on Fri Nov 08 22:35:27 MST 2024
# IP Build 5239520 on Sun Nov 10 16:12:51 MST 2024
# SharedData Build 5239561 on Fri Nov 08 14:39:27 MST 2024
# Start of session at: Thu Apr 24 18:06:49 2025
# Process ID         : 11348
# Current directory  : C:/Users/tadea/Desktop/De1-project/car_parking_sensors
# Command line       : vivado.exe -gui_launcher_event rodinguilauncherevent2876 C:\Users\tadea\Desktop\De1-project\car_parking_sensors\car_parking_sensors.xpr
# Log file           : C:/Users/tadea/Desktop/De1-project/car_parking_sensors/vivado.log
# Journal file       : C:/Users/tadea/Desktop/De1-project/car_parking_sensors\vivado.jou
# Running On         : LAPTOP-8AMEJRL6
# Platform           : Windows Server 2016 or Windows 10
# Operating System   : 26100
# Processor Detail   : 12th Gen Intel(R) Core(TM) i5-12450H
# CPU Frequency      : 2496 MHz
# CPU Physical cores : 8
# CPU Logical cores  : 12
# Host memory        : 16857 MB
# Swap memory        : 1073 MB
# Total Virtual      : 17931 MB
# Available Virtual  : 10841 MB
#-----------------------------------------------------------
start_gui
open_project C:/Users/tadea/Desktop/De1-project/car_parking_sensors/car_parking_sensors.xpr
update_compile_order -fileset sources_1
launch_simulation
source obstacle_tb.tcl
