#-----------------------------------------------------------
# Vivado v2024.1 (64-bit)
# SW Build 5076996 on Wed May 22 18:37:14 MDT 2024
# IP Build 5075265 on Wed May 22 21:45:21 MDT 2024
# SharedData Build 5076995 on Wed May 22 18:29:18 MDT 2024
# Start of session at: Wed May  7 15:22:40 2025
# Process ID: 6104
# Current directory: c:/Users/kipap/VUT/DE1/projekt/De1-project/car_parking_sensors
# Command line: vivado.exe -gui_launcher_event rodinguilauncherevent29792 C:\Users\kipap\VUT\DE1\projekt\De1-project\car_parking_sensors\car_parking_sensors.xpr
# Log file: c:/Users/kipap/VUT/DE1/projekt/De1-project/car_parking_sensors/vivado.log
# Journal file: c:/Users/kipap/VUT/DE1/projekt/De1-project/car_parking_sensors\vivado.jou
# Running On        :kocicak
# Platform          :Windows Server 2016 or Windows 10
# Operating System  :26100
# Processor Detail  :AMD Ryzen 7 7735U with Radeon Graphics         
# CPU Frequency     :2695 MHz
# CPU Physical cores:8
# CPU Logical cores :16
# Host memory       :14702 MB
# Swap memory       :25769 MB
# Total Virtual     :40471 MB
# Available Virtual :12573 MB
#-----------------------------------------------------------
start_gui
open_project C:/Users/kipap/VUT/DE1/projekt/De1-project/car_parking_sensors/car_parking_sensors.xpr
update_compile_order -fileset sources_1
export_ip_user_files -of_objects  [get_files C:/Users/kipap/VUT/DE1/projekt/De1-project/car_parking_sensors/car_parking_sensors.srcs/sim_1/new/main_tb.vhd] -no_script -reset -force -quiet
remove_files  -fileset sim_1 C:/Users/kipap/VUT/DE1/projekt/De1-project/car_parking_sensors/car_parking_sensors.srcs/sim_1/new/main_tb.vhd
export_ip_user_files -of_objects  [get_files C:/Users/kipap/VUT/DE1/projekt/De1-project/car_parking_sensors/car_parking_sensors.srcs/sources_1/new/main.vhd] -no_script -reset -force -quiet
remove_files  C:/Users/kipap/VUT/DE1/projekt/De1-project/car_parking_sensors/car_parking_sensors.srcs/sources_1/new/main.vhd
file delete -force C:/Users/kipap/VUT/DE1/projekt/De1-project/car_parking_sensors/car_parking_sensors.srcs/sources_1/new/main.vhd
remove_files  C:/Users/kipap/VUT/DE1/projekt/De1-project/car_parking_sensors/car_parking_sensors.srcs/sources_1/new/main.vhd
launch_simulation
launch_simulation
source tb_Buzzer.tcl
close_sim
launch_simulation
source tb_Buzzer.tcl
close_sim
launch_simulation
source tb_Buzzer.tcl
close_sim
launch_simulation
source tb_Buzzer.tcl
close_sim
launch_simulation
source tb_Buzzer.tcl
close_sim
launch_simulation
source tb_Buzzer.tcl
close_sim
launch_simulation
source tb_Buzzer.tcl
close_sim
launch_simulation
source tb_Buzzer.tcl
close_sim
launch_simulation
source tb_Buzzer.tcl
close_sim
launch_simulation
source tb_Buzzer.tcl
close_sim
launch_simulation
source tb_Buzzer.tcl
close_sim
launch_simulation
launch_simulation
launch_simulation
launch_simulation
launch_simulation
source tb_Buzzer.tcl
close_sim
launch_simulation
source tb_Buzzer.tcl
close_sim
launch_simulation
source tb_Buzzer.tcl
set_property -name {xsim.simulate.runtime} -value {5000ns} -objects [get_filesets sim_1]
close_sim
launch_simulation
source tb_Buzzer.tcl
close_sim
launch_simulation
source tb_Buzzer.tcl
close_sim
